2025-04-21T14:30:03.595+07:00  INFO 17668 --- [Lavalink] [main] lavalink.server.Launcher                 : Starting Launcher v4.0.8 using Java 24.0.1 with PID 17668 (C:\bott3\Lavalink\Lavalink.jar started by LAM PC in C:\bott3\Lavalink)
2025-04-21T14:30:03.620+07:00  INFO 17668 --- [Lavalink] [main] lavalink.server.Launcher                 : No active profile set, falling back to 1 default profile: "default"
2025-04-21T14:30:05.254+07:00  INFO 17668 --- [Lavalink] [main] lavalink.server.Launcher                 : Started Launcher in 2.293 seconds (process running for 2.974)
2025-04-21T14:30:05.342+07:00  INFO 17668 --- [Lavalink] [main] lavalink.server.Launcher                 : 

[32m       .  [31m _                  _ _       _    [32m__ _ _
[32m      /\\ [31m| | __ ___   ____ _| (_)_ __ | | __[32m\ \ \ \
[32m     ( ( )[31m| |/ _` \ \ / / _` | | | '_ \| |/ /[32m \ \ \ \
[32m      \\/ [31m| | (_| |\ V / (_| | | | | | |   < [32m  ) ) ) )
[32m       '  [31m|_|\__,_| \_/ \__,_|_|_|_| |_|_|\_\[32m / / / /
[0m    =========================================[32m/_/_/_/[0m

	Version:        4.0.8
	Build time:     20.09.2024 20:20:10 UTC
	Branch          HEAD
	Commit:         2946608
	Commit time:    20.09.2024 20:17:58 UTC
	JVM:            24.0.1
	Lavaplayer      2.2.2

2025-04-21T14:30:05.352+07:00  INFO 17668 --- [Lavalink] [main] lavalink.server.Launcher                 : No active profile set, falling back to 1 default profile: "default"
2025-04-21T14:30:06.267+07:00  WARN 17668 --- [Lavalink] [main] io.undertow.websockets.jsr               : UT026010: Buffer pool was not set on WebSocketDeploymentInfo, the default pool will be used
2025-04-21T14:30:06.311+07:00  INFO 17668 --- [Lavalink] [main] io.undertow.servlet                      : Initializing Spring embedded WebApplicationContext
2025-04-21T14:30:06.312+07:00  INFO 17668 --- [Lavalink] [main] w.s.c.ServletWebServerApplicationContext : Root WebApplicationContext: initialization completed in 952 ms
2025-04-21T14:30:06.517+07:00  INFO 17668 --- [Lavalink] [main] c.s.d.l.tools.GarbageCollectionMonitor   : GC monitoring enabled, reporting results every 2 minutes.
2025-04-21T14:30:06.739+07:00  WARN 17668 --- [Lavalink] [main] l.s.config.AudioPlayerConfiguration      : The default Youtube source is now deprecated and won't receive further updates.
You should use the new Youtube source plugin instead.
https://github.com/lavalink-devs/youtube-source#plugin.
To disable this warning, set 'lavalink.server.sources.youtube' to false in your application.yml.
2025-04-21T14:30:07.688+07:00  INFO 17668 --- [Lavalink] [main] l.server.config.KoeConfiguration         : OS: WINDOWS, Arch: X86_64
2025-04-21T14:30:07.688+07:00  INFO 17668 --- [Lavalink] [main] l.server.config.KoeConfiguration         : Enabling JDA-NAS
2025-04-21T14:30:07.693+07:00  INFO 17668 --- [Lavalink] [main] c.s.l.c.natives.NativeLibraryLoader      : Native library udpqueue: loading with filter null
2025-04-21T14:30:07.701+07:00  INFO 17668 --- [Lavalink] [main] c.s.l.c.natives.NativeLibraryLoader      : Native library udpqueue: successfully loaded.
2025-04-21T14:30:07.736+07:00  WARN 17668 --- [Lavalink] [main] l.server.config.SentryConfiguration      : Turning off sentry
2025-04-21T14:30:08.153+07:00  INFO 17668 --- [Lavalink] [main] io.undertow                              : starting server: Undertow - 2.3.13.Final
2025-04-21T14:30:08.174+07:00  INFO 17668 --- [Lavalink] [main] org.xnio                                 : XNIO version 3.8.8.Final
2025-04-21T14:30:08.192+07:00  INFO 17668 --- [Lavalink] [main] org.xnio.nio                             : XNIO NIO Implementation Version 3.8.8.Final
2025-04-21T14:30:08.364+07:00  INFO 17668 --- [Lavalink] [main] org.jboss.threads                        : JBoss Threads version 3.5.0.Final
2025-04-21T14:30:08.451+07:00  INFO 17668 --- [Lavalink] [main] o.s.b.w.e.undertow.UndertowWebServer     : Undertow started on port 2333 (http) with context path '/'
2025-04-21T14:30:08.456+07:00  INFO 17668 --- [Lavalink] [main] lavalink.server.Launcher                 : Started Launcher in 3.19 seconds (process running for 6.176)
2025-04-21T14:30:08.458+07:00  INFO 17668 --- [Lavalink] [main] lavalink.server.Launcher                 : Lavalink is ready to accept connections.
2025-04-21T14:34:53.293+07:00  INFO 17668 --- [Lavalink] [XNIO-1 task-2] io.undertow.servlet                      : Initializing Spring DispatcherServlet 'dispatcherServlet'
2025-04-21T14:34:53.294+07:00  INFO 17668 --- [Lavalink] [XNIO-1 task-2] o.s.web.servlet.DispatcherServlet        : Initializing Servlet 'dispatcherServlet'
2025-04-21T14:34:53.296+07:00  INFO 17668 --- [Lavalink] [XNIO-1 task-2] o.s.web.servlet.DispatcherServlet        : Completed initialization in 1 ms
2025-04-21T14:34:53.359+07:00  INFO 17668 --- [Lavalink] [XNIO-1 task-2] l.server.io.HandshakeInterceptorImpl     : Incoming connection from /[0:0:0:0:0:0:0:1]:55039
2025-04-21T14:34:53.389+07:00  INFO 17668 --- [Lavalink] [XNIO-1 task-2] l.server.io.RequestLoggingFilter         : GET /v4/websocket
2025-04-21T14:34:53.469+07:00  INFO 17668 --- [Lavalink] [XNIO-1 task-2] lavalink.server.io.SocketServer          : Connection successfully established from shoukaku/4.1.1 (https://github.com/shipgirlproject/Shoukaku.git)
2025-04-21T14:46:53.466+07:00  INFO 17668 --- [Lavalink] [XNIO-1 I/O-1] lavalink.server.io.SocketServer          : Connection closed from /[0:0:0:0:0:0:0:1]:55039 with id bv2sdmwdtimflfpj -- CloseStatus[code=1006, reason=]
2025-04-21T14:46:53.467+07:00  INFO 17668 --- [Lavalink] [XNIO-1 I/O-1] lavalink.server.io.SocketContext         : Shutting down 0 playing players.
2025-04-21T14:47:00.167+07:00  INFO 17668 --- [Lavalink] [XNIO-1 task-2] l.server.io.HandshakeInterceptorImpl     : Incoming connection from /[0:0:0:0:0:0:0:1]:55455
2025-04-21T14:47:00.169+07:00  INFO 17668 --- [Lavalink] [XNIO-1 task-2] l.server.io.RequestLoggingFilter         : GET /v4/websocket
2025-04-21T14:47:00.171+07:00  INFO 17668 --- [Lavalink] [XNIO-1 task-2] lavalink.server.io.SocketServer          : Connection successfully established from shoukaku/4.1.1 (https://github.com/shipgirlproject/Shoukaku.git)
2025-04-21T14:56:02.678+07:00  INFO 17668 --- [Lavalink] [XNIO-1 I/O-1] lavalink.server.io.SocketServer          : Connection closed from /[0:0:0:0:0:0:0:1]:55455 with id fda3k9gxojt5nwb5 -- CloseStatus[code=1006, reason=]
2025-04-21T14:56:02.678+07:00  INFO 17668 --- [Lavalink] [XNIO-1 I/O-1] lavalink.server.io.SocketContext         : Shutting down 0 playing players.
2025-04-21T14:56:08.073+07:00  INFO 17668 --- [Lavalink] [XNIO-1 task-2] l.server.io.HandshakeInterceptorImpl     : Incoming connection from /[0:0:0:0:0:0:0:1]:55726
2025-04-21T14:56:08.074+07:00  INFO 17668 --- [Lavalink] [XNIO-1 task-2] l.server.io.RequestLoggingFilter         : GET /v4/websocket
2025-04-21T14:56:08.076+07:00  INFO 17668 --- [Lavalink] [XNIO-1 task-2] lavalink.server.io.SocketServer          : Connection successfully established from shoukaku/4.1.1 (https://github.com/shipgirlproject/Shoukaku.git)
2025-04-21T15:00:34.651+07:00  INFO 17668 --- [Lavalink] [XNIO-1 I/O-5] lavalink.server.io.SocketServer          : Connection closed from /[0:0:0:0:0:0:0:1]:55726 with id 1woe0tsviycxxd76 -- CloseStatus[code=1006, reason=]
2025-04-21T15:00:34.652+07:00  INFO 17668 --- [Lavalink] [XNIO-1 I/O-5] lavalink.server.io.SocketContext         : Shutting down 0 playing players.
2025-04-21T15:02:59.236+07:00  INFO 17668 --- [Lavalink] [XNIO-1 task-2] l.server.io.HandshakeInterceptorImpl     : Incoming connection from /[0:0:0:0:0:0:0:1]:55996
2025-04-21T15:02:59.237+07:00  INFO 17668 --- [Lavalink] [XNIO-1 task-2] l.server.io.RequestLoggingFilter         : GET /v4/websocket
2025-04-21T15:02:59.239+07:00  INFO 17668 --- [Lavalink] [XNIO-1 task-2] lavalink.server.io.SocketServer          : Connection successfully established from shoukaku/4.1.1 (https://github.com/shipgirlproject/Shoukaku.git)
2025-04-21T15:10:41.937+07:00  INFO 17668 --- [Lavalink] [XNIO-1 I/O-2] lavalink.server.io.SocketServer          : Connection closed from /[0:0:0:0:0:0:0:1]:55996 with id 3ujkl9j5tt7r5iic -- CloseStatus[code=1006, reason=]
2025-04-21T15:10:41.937+07:00  INFO 17668 --- [Lavalink] [XNIO-1 I/O-2] lavalink.server.io.SocketContext         : Shutting down 0 playing players.
2025-04-21T15:11:01.199+07:00  INFO 17668 --- [Lavalink] [XNIO-1 task-2] l.server.io.HandshakeInterceptorImpl     : Incoming connection from /[0:0:0:0:0:0:0:1]:56217
2025-04-21T15:11:01.200+07:00  INFO 17668 --- [Lavalink] [XNIO-1 task-2] l.server.io.RequestLoggingFilter         : GET /v4/websocket
2025-04-21T15:11:01.202+07:00  INFO 17668 --- [Lavalink] [XNIO-1 task-2] lavalink.server.io.SocketServer          : Connection successfully established from shoukaku/4.1.1 (https://github.com/shipgirlproject/Shoukaku.git)
